     1                                  global getChar
     2                                  
     3                                  getChar:
     4 00000000 55                      	push ebp
     5 00000001 89E5                    	mov ebp, esp
     6 00000003 83EC04                  	sub esp, 4
     7                                  
     8 00000006 53                      	push ebx
     9 00000007 51                      	push ecx
    10 00000008 52                      	push edx
    11                                  
    12 00000009 B803000000              	mov eax, 3
    13 0000000E BB00000000              	mov ebx, 0
    14 00000013 8D4DFC                  	lea ecx, [ebp-4]
    15 00000016 BA01000000              	mov edx, 1
    16 0000001B CD80                    	int 80h
    17                                  
    18 0000001D 8B45FC                  	mov eax, [ebp-4]
    19                                  
    20 00000020 5A                      	pop edx
    21 00000021 59                      	pop ecx
    22 00000022 5B                      	pop ebx
    23                                  
    24 00000023 89EC                    	mov esp, ebp
    25 00000025 5D                      	pop ebp
    26 00000026 C3                      	ret
